#-----------------------------------------------------------
# Webtalk v2018.3 (64-bit)
# SW Build 2405991 on Thu Dec  6 23:38:27 MST 2018
# IP Build 2404404 on Fri Dec  7 01:43:56 MST 2018
# Start of session at: Mon May  2 12:43:20 2022
# Process ID: 11096
# Current directory: C:/Users/usuario/Desktop/Masterra/I. Urtea/2. Lahuliekoa/Zirkuitu Digitalen Laborategia/Laborategia/project_hamster/project_hamster.sim/sim_1/behav/xsim
# Command line: wbtcv.exe -mode batch -source C:/Users/usuario/Desktop/Masterra/I. Urtea/2. Lahuliekoa/Zirkuitu Digitalen Laborategia/Laborategia/project_hamster/project_hamster.sim/sim_1/behav/xsim/xsim.dir/egokitu_tb_behav/webtalk/xsim_webtalk.tcl -notrace
# Log file: C:/Users/usuario/Desktop/Masterra/I. Urtea/2. Lahuliekoa/Zirkuitu Digitalen Laborategia/Laborategia/project_hamster/project_hamster.sim/sim_1/behav/xsim/webtalk.log
# Journal file: C:/Users/usuario/Desktop/Masterra/I. Urtea/2. Lahuliekoa/Zirkuitu Digitalen Laborategia/Laborategia/project_hamster/project_hamster.sim/sim_1/behav/xsim\webtalk.jou
#-----------------------------------------------------------
source C:/Users/usuario/Desktop/Masterra/I. -notrace
